
=== [autonomic] in packages/autonomic ===
$ /home/home/.asdf/shims/mix credo --strict
Checking 4 source files ...

Please report incorrect results: https://github.com/rrrene/credo/issues

Analysis took 0.03 seconds (0.01s to load, 0.02s running 67 checks on 4 files)
0 mods/funs, found no issues.

Use `mix credo explain` to explain issues, `mix credo --help` for options.

=== [autonomic_linux] in packages/autonomic_linux ===
$ /home/home/.asdf/shims/mix credo --strict
Checking 5 source files ...

Please report incorrect results: https://github.com/rrrene/credo/issues

Analysis took 0.01 seconds (0.00s to load, 0.01s running 67 checks on 5 files)
0 mods/funs, found no issues.

Use `mix credo explain` to explain issues, `mix credo --help` for options.

=== [autonomic_postgres] in packages/autonomic_postgres ===
$ /home/home/.asdf/shims/mix credo --strict
Checking 4 source files ...

Please report incorrect results: https://github.com/rrrene/credo/issues

Analysis took 0.01 seconds (0.00s to load, 0.01s running 67 checks on 4 files)
0 mods/funs, found no issues.

Use `mix credo explain` to explain issues, `mix credo --help` for options.

=== [autonomic_typesafe] in packages/autonomic_typesafe ===
$ /home/home/.asdf/shims/mix credo --strict
Checking 4 source files ...

Please report incorrect results: https://github.com/rrrene/credo/issues

Analysis took 0.01 seconds (0.00s to load, 0.01s running 67 checks on 4 files)
0 mods/funs, found no issues.

Use `mix credo explain` to explain issues, `mix credo --help` for options.
