
=== [autonomic] in packages/autonomic ===
$ /home/home/.asdf/shims/mix test
Running ExUnit with seed: 713676, max_cases: 48
Excluding tags: [:postgres, :linux, :live, :reference, :db_outage]

..........
Finished in 0.1 seconds (0.02s async, 0.1s sync)

Result: 10 passed

=== [autonomic_linux] in packages/autonomic_linux ===
$ /home/home/.asdf/shims/mix test
Running ExUnit with seed: 612705, max_cases: 48
Excluding tags: [:postgres, :linux, :live, :reference, :db_outage]

All tests have been excluded.

Finished in 0.07 seconds (0.00s async, 0.07s sync)

Result: 0 tests, 3 excluded

=== [autonomic_postgres] in packages/autonomic_postgres ===
$ /home/home/.asdf/shims/mix test
Running ExUnit with seed: 359922, max_cases: 48
Excluding tags: [:postgres, :linux, :live, :reference, :db_outage]

All tests have been excluded.

Finished in 0.08 seconds (0.00s async, 0.08s sync)

Result: 0 tests, 12 excluded

=== [autonomic_typesafe] in packages/autonomic_typesafe ===
$ /home/home/.asdf/shims/mix test
Running ExUnit with seed: 348850, max_cases: 48
Excluding tags: [:live]

..
19:03:28.532 [warning] Ignoring a TypeSafe answer with an unrecognized future type; inspect response.raw explicitly
........
Finished in 0.1 seconds (0.00s async, 0.1s sync)

Result: 10 passed, 1 excluded

=== [autonomic_acceptance] in integration/autonomic_acceptance ===
$ /home/home/.asdf/shims/mix test
Running ExUnit with seed: 515812, max_cases: 48
Excluding tags: [:postgres, :linux, :live, :reference, :db_outage]

All tests have been excluded.

Finished in 0.1 seconds (0.00s async, 0.1s sync)

Result: 0 tests, 3 excluded
