
=== [autonomic] in packages/autonomic ===
$ /home/home/.asdf/shims/mix deps.get
Resolving Hex dependencies...
Resolution completed in 0.033s
Unchanged:
  bunt 1.0.0
  credo 1.7.19
  dialyxir 1.4.8
  earmark_parser 1.4.46
  erlex 0.2.9
  ex_doc 0.40.4
  file_system 1.1.1
  finch 0.23.0
  gen_stage 1.3.2
  hpax 1.0.4
  jason 1.4.5
  makeup 1.2.2
  makeup_elixir 1.0.1
  makeup_erlang 1.1.0
  mime 2.0.7
  mint 1.10.0
  nimble_options 1.1.1
  nimble_parsec 1.4.2
  nimble_pool 1.1.0
  telemetry 1.4.2
All dependencies have been fetched

=== [autonomic_linux] in packages/autonomic_linux ===
$ /home/home/.asdf/shims/mix deps.get
Resolving Hex dependencies...
Resolution completed in 0.028s
Unchanged:
  bunt 1.0.0
  credo 1.7.19
  dialyxir 1.4.8
  earmark_parser 1.4.46
  erlex 0.2.9
  ex_doc 0.40.4
  file_system 1.1.1
  finch 0.23.0
  gen_stage 1.3.2
  hpax 1.0.4
  jason 1.4.5
  makeup 1.2.2
  makeup_elixir 1.0.1
  makeup_erlang 1.1.0
  mime 2.0.7
  mint 1.10.0
  nimble_options 1.1.1
  nimble_parsec 1.4.2
  nimble_pool 1.1.0
  telemetry 1.4.2

=== [autonomic_postgres] in packages/autonomic_postgres ===
$ /home/home/.asdf/shims/mix deps.get
Resolving Hex dependencies...
Resolution completed in 0.045s
Unchanged:
  bunt 1.0.0
  credo 1.7.19
  db_connection 2.10.2
  decimal 3.1.1
  dialyxir 1.4.8
  earmark_parser 1.4.46
  ecto 3.14.2
  ecto_sql 3.14.0
  erlex 0.2.9
  ex_doc 0.40.4
  file_system 1.1.1
  finch 0.23.0
  gen_stage 1.3.2
  hpax 1.0.4
  jason 1.4.5
  makeup 1.2.2
  makeup_elixir 1.0.1
  makeup_erlang 1.1.0
  mime 2.0.7
  mint 1.10.0
  nimble_options 1.1.1
  nimble_parsec 1.4.2
  nimble_pool 1.1.0
  postgrex 0.22.4
  telemetry 1.4.2

=== [autonomic_typesafe] in packages/autonomic_typesafe ===
$ /home/home/.asdf/shims/mix deps.get
Resolving Hex dependencies...
Resolution completed in 0.037s
Unchanged:
  abnf_parsec 2.1.0
  bunt 1.0.0
  credo 1.7.19
  dialyxir 1.4.8
  earmark_parser 1.4.46
  erlex 0.2.9
  ex_doc 0.40.4
  execution_plane 0.3.0
  execution_plane_http 0.1.0
  file_system 1.1.1
  finch 0.23.0
  foundation 0.2.2
  gen_stage 1.3.2
  ground_plane_contracts 0.1.1
  ground_plane_persistence_policy 0.1.0
  hpax 1.0.4
  idna 7.1.0
  jason 1.4.5
  jsv 0.21.2
  makeup 1.2.2
  makeup_elixir 1.0.1
  makeup_erlang 1.1.0
  mime 2.0.7
  mint 1.10.0
  multipart_ex 0.1.0
  nimble_options 1.1.1
  nimble_parsec 1.4.2
  nimble_pool 1.1.0
  pristine 0.3.1
  sinter 0.3.2
  telemetry 1.4.2
  texture 1.2.1
  typesafe_sdk 0.2.0
  uuid 1.1.8

=== [autonomic_acceptance] in integration/autonomic_acceptance ===
$ /home/home/.asdf/shims/mix deps.get
Resolving Hex dependencies...
Resolution completed in 0.037s
Unchanged:
  abnf_parsec 2.1.0
  db_connection 2.10.2
  decimal 3.1.1
  ecto 3.14.2
  ecto_sql 3.14.0
  execution_plane 0.3.0
  execution_plane_http 0.1.0
  finch 0.23.0
  foundation 0.2.2
  gen_stage 1.3.2
  ground_plane_contracts 0.1.1
  ground_plane_persistence_policy 0.1.0
  hpax 1.0.4
  idna 7.1.0
  jason 1.4.5
  jsv 0.21.2
  mime 2.0.7
  mint 1.10.0
  multipart_ex 0.1.0
  nimble_options 1.1.1
  nimble_parsec 1.4.2
  nimble_pool 1.1.0
  postgrex 0.22.4
  pristine 0.3.1
  sinter 0.3.2
  telemetry 1.4.2
  texture 1.2.1
  typesafe_sdk 0.2.0
  uuid 1.1.8
